pearl of the world is a little girl in my heart
problems 2 in the world is a little girl from me
