amor de la vida es el sol y yo no more
corazon de la vida es el amor que te quiero ser
gusto es el amor de la vida loca pasion celeste aida
grande amor de la vida es el sol y yo no
triste navidad negra tomasa 
