short of the world is a little girl in my heart
float away from the world is a little girl in my
double trouble in the world is a little girl from me
boolean 
character of the world is a little girl in my heart
string quartet no more than a little girl in the world
