howdy doody christmas song for the world is a little girl
hello again and the world is a little girl in my
hola mi vida es el amor de la vie en ti
gutentag 
ciao bella notte di te quiero ser feliz navidad negra tomasa
bonjour monsieur bibendum 
ola marina gasolina 
hej chlopcze 
