a 
b flat major
c major op 11
d minor op 11 bagatelles
e flat major op 11 bagatelles
f major op 11 bagatelles solo tu
g minor op 11 bagatelles solo tu amor
h binds o come back home christmas song you
