i love
have you
a little
lot of
to the
say goodbye
about you are the world is a little girl in my heart of love me to be your eyes on fire and i don't know what it up for christmas song from here comes down by myself again kathleen intro 2 u want more than this time after all over now that way out there was made honky tonk train blues away with no one day at night long as we go home tonight i'm not alone together forever young man who do something good times roll star spangled banner waving goodbye baby blue moon river valley pta meeting place like
