[King Edward VII,Prince Alfred: Duke of Edinburgh,Prince Arthur,Prince Leopold,Victoria: Princess Royal,Princess Alice,Princess Helena,Princess Louise,Princess Beatrice]
