[Victoria: Princess Royal,Princess Alice,Princess Helena,Princess Louise,Princess Beatrice]
