[Mary: Princess Royal,Wallis Simpson,Alice: Duchess of Gloucester,Marina: Princess of Greece]
