[Prince John,King Edward VIII,Henry: Duke of Gloucester,Prince George: Duke of Kent,Charles Lascelles: Earl of Harewood]
