[Prince William: Duke of Cambridge,Prince Henry of Wales,Princess Beatrice of York,Princess Eugenie of York,Peter Phillips,Zara Phillips,Lady Louise Windsor,James: Viscount Severn]
