[Edward: Earl of Wessex,Charles: Prince of Wales,Anne: Princess Royal,Andrew: Duke of York,Lady Louise Windsor,James: Viscount Severn,Prince William: Duke of Cambridge,Prince Henry of Wales,Prince George of Cambridge,Princess Charlotte of Cambridge,Peter Phillips,Zara Phillips,Savannah Phillips,Isla Phillips,Mia Tindall,Princess Beatrice of York,Princess Eugenie of York]
