[Princess Margaret,Lady Diana Spencer,Anne: Princess Royal,Catherine Middleton,Anthony Armstrong-Jones,Sarah Armstrong-Jones,David: Viscount Linley,Charles: Prince of Wales,Andrew: Duke of York,Mark Phillips,Edward: Earl of Wessex,Prince William: Duke of Cambridge,Prince Henry of Wales,Sophie Rhys-Jones,Sarah Ferguson,Catherine Middleton,Prince George of Cambridge,Princess Charlotte of Cambridge,Princess Beatrice of York,Princess Eugenie of York,Peter Phillips,Zara Phillips,Autumn Kelly,Mike Tindall,Mia Tindall,Savannah Phillips,Isla Phillips,Lady Louise Windsor,James: Viscount Severn,Serena Armstrong-Jones,Charles Armstrong-Jones,Margarita Armstrong-Jones,Daniel Chatto,Samuel Chatto,Arthur Chatto,Meghan Markle]
